[2026-09-07T15:03:16Z] === ENRICH ITERATION 1 START | repo=actix/actix-web sha=5723cf48 ===
[2026-09-07T15:03:16Z] [iter=1] PHASE START: enrich repo=actix/actix-web sha=5723cf48 runlog=/home/runner/work/forx/forx/storage/aggregate/lsp/logs/5723cf48-enrich-iter-001.log output=/home/runner/work/forx/forx/storage/aggregate/lsp/5723cf486522d47aad26390cf5b02e95654ae225.nq.gz
[2026-09-07T15:03:16Z] [iter=1] Step 1: Loading AST into disk-backed store mem_mb=78 MB
[2026-09-07T15:03:43Z] [iter=1] AST store loaded triples=3147553 load_secs=25 mem_mb=891 MB
[2026-09-07T15:03:43Z] [iter=1] Step 2: Finding LSP targets mem_mb=891 MB
[2026-09-07T15:03:51Z] [iter=1] LSP targets found call_sites=30844 imports=0 extends=0 implements=675 secs=8
[2026-09-07T15:03:57Z] [iter=1] Step 2.7: Building position index (one-shot, shared across resolvers) mem_mb=891 MB
[2026-09-07T15:04:14Z] [iter=1] Position index built positions=210568 nodes_with_types=260855 secs=17 mem_mb=891 MB
[2026-09-07T15:04:14Z] [iter=1] Step 3: Starting LSP resolution mem_mb=891 MB already_completed_types=[] already_completed_files=0
[2026-09-07T15:04:14Z] [iter=1] Resolving target type target_type=call_site count=30844
[2026-09-07T15:04:54Z] [iter=1] HEARTBEAT target_type=call_site elapsed_min=1.6 files_done=0 resolved=0 errors=0 current=actix-http/src/h2/service.rs
[2026-09-07T15:06:41Z] [iter=1] HEARTBEAT target_type=call_site elapsed_min=3.4 files_done=1 resolved=65 errors=23 current=actix-web/src/types/query.rs
[2026-09-07T15:07:20Z] [iter=1] HEARTBEAT target_type=call_site elapsed_min=4.1 files_done=2 resolved=95 errors=51 current=actix-files/src/named.rs
[2026-09-07T15:08:54Z] [iter=1] HEARTBEAT target_type=call_site elapsed_min=5.6 files_done=3 resolved=167 errors=114 current=actix-http/src/test/test_seq_buffer.rs
[2026-09-07T15:10:29Z] [iter=1] HEARTBEAT target_type=call_site elapsed_min=7.2 files_done=5 resolved=296 errors=182 current=actix-web/src/route.rs
[2026-09-07T15:13:28Z] [iter=1] HEARTBEAT target_type=call_site elapsed_min=10.2 files_done=6 resolved=361 errors=318 current=actix-http/src/h1/dispatcher_tests.rs
[2026-09-07T15:17:37Z] [iter=1] HEARTBEAT target_type=call_site elapsed_min=14.3 files_done=7 resolved=685 errors=506 current=actix-web/tests/compression.rs
[2026-09-07T15:19:05Z] [iter=1] HEARTBEAT target_type=call_site elapsed_min=15.8 files_done=8 resolved=740 errors=574 current=awc/src/builder.rs
[2026-09-07T15:19:52Z] [iter=1] HEARTBEAT target_type=call_site elapsed_min=16.6 files_done=10 resolved=764 errors=610 current=awc/src/responses/response.rs
[2026-09-07T15:20:38Z] [iter=1] HEARTBEAT target_type=call_site elapsed_min=17.4 files_done=12 resolved=816 errors=644 current=awc/src/request.rs
[2026-09-07T15:21:53Z] [iter=1] HEARTBEAT target_type=call_site elapsed_min=18.6 files_done=13 resolved=888 errors=700 current=actix-web/tests/test_server.rs
[2026-09-07T15:31:11Z] [iter=1] HEARTBEAT target_type=call_site elapsed_min=27.9 files_done=14 resolved=1096 errors=1127 current=actix-web-actors/src/context.rs
[2026-09-07T15:31:49Z] [iter=1] HEARTBEAT target_type=call_site elapsed_min=28.5 files_done=16 resolved=1149 errors=1154 current=actix-files/tests/encoding.rs
[2026-09-07T15:33:13Z] [iter=1] HEARTBEAT target_type=call_site elapsed_min=29.9 files_done=17 resolved=1208 errors=1218 current=actix-web/src/test/test_utils.rs
[2026-09-07T15:36:50Z] [iter=1] HEARTBEAT target_type=call_site elapsed_min=33.6 files_done=18 resolved=1251 errors=1385 current=actix-web/src/http/header/last_modified.rs
[2026-09-07T15:38:50Z] [iter=1] HEARTBEAT target_type=call_site elapsed_min=35.6 files_done=20 resolved=1302 errors=1477 current=actix-web/src/middleware/err_handlers.rs
[2026-09-07T15:40:53Z] [iter=1] HEARTBEAT target_type=call_site elapsed_min=37.6 files_done=21 resolved=1393 errors=1572 current=actix-web/src/request.rs
[2026-09-07T15:49:20Z] [iter=1] HEARTBEAT target_type=call_site elapsed_min=46.1 files_done=22 resolved=1588 errors=1962 current=actix-http/tests/test_server.rs
[2026-09-07T15:55:57Z] [iter=1] HEARTBEAT target_type=call_site elapsed_min=52.7 files_done=23 resolved=1957 errors=2266 current=actix-web/src/http/header/entity.rs
[2026-09-07T15:58:08Z] [iter=1] HEARTBEAT target_type=call_site elapsed_min=54.9 files_done=25 resolved=2178 errors=2367 current=actix-http/src/body/sized_stream.rs
[2026-09-07T15:58:51Z] [iter=1] HEARTBEAT target_type=call_site elapsed_min=55.6 files_done=27 resolved=2258 errors=2400 current=actix-web/src/error/error.rs
[2026-09-07T16:00:00Z] [iter=1] HEARTBEAT target_type=call_site elapsed_min=56.7 files_done=29 resolved=2434 errors=2452 current=actix-http/src/h1/dispatcher.rs
[2026-09-07T16:01:46Z] [iter=1] HEARTBEAT target_type=call_site elapsed_min=58.5 files_done=30 resolved=2622 errors=2526 current=actix-http/src/ws/mod.rs
[2026-09-07T16:03:08Z] [iter=1] HEARTBEAT target_type=call_site elapsed_min=59.9 files_done=31 resolved=2678 errors=2588 current=awc/tests/test_client.rs
[2026-09-07T16:11:06Z] [iter=1] HEARTBEAT target_type=call_site elapsed_min=67.8 files_done=32 resolved=2905 errors=2952 current=actix-router/src/resource.rs
[2026-09-07T16:14:41Z] [iter=1] HEARTBEAT target_type=call_site elapsed_min=71.4 files_done=33 resolved=3311 errors=3115 current=actix-web/src/http/header/accept_language.rs
[2026-09-07T16:17:34Z] [iter=1] HEARTBEAT target_type=call_site elapsed_min=74.3 files_done=35 resolved=3582 errors=3246 current=awc/src/ws.rs
[2026-09-07T16:18:25Z] [iter=1] HEARTBEAT target_type=call_site elapsed_min=75.2 files_done=36 resolved=3670 errors=3285 current=actix-web/benches/server.rs
[2026-09-07T16:20:45Z] [iter=1] HEARTBEAT target_type=call_site elapsed_min=77.5 files_done=38 resolved=3741 errors=3390 current=actix-web/src/http/header/accept_encoding.rs
[2026-09-07T16:21:42Z] [iter=1] HEARTBEAT target_type=call_site elapsed_min=78.4 files_done=39 resolved=3819 errors=3433 current=actix-web/examples/introspection.rs
[2026-09-07T16:22:17Z] [iter=1] HEARTBEAT target_type=call_site elapsed_min=79.0 files_done=41 resolved=3865 errors=3460 current=actix-web/src/introspection.rs
[2026-09-07T16:23:31Z] [iter=1] HEARTBEAT target_type=call_site elapsed_min=80.3 files_done=43 resolved=4030 errors=3517 current=actix-web/src/middleware/compat.rs
[2026-09-07T16:24:31Z] [iter=1] HEARTBEAT target_type=call_site elapsed_min=81.3 files_done=44 resolved=4053 errors=3563 current=actix-web/src/http/header/range.rs
[2026-09-07T16:25:18Z] [iter=1] HEARTBEAT target_type=call_site elapsed_min=82.0 files_done=45 resolved=4149 errors=3599 current=actix-web/src/response/response.rs
[2026-09-07T16:28:53Z] [iter=1] HEARTBEAT target_type=call_site elapsed_min=85.6 files_done=47 resolved=4325 errors=3764 current=actix-http/src/payload.rs
[2026-09-07T16:30:13Z] [iter=1] HEARTBEAT target_type=call_site elapsed_min=87.0 files_done=49 resolved=4378 errors=3825 current=actix-web/src/middleware/logger.rs
[2026-09-07T16:33:25Z] [iter=1] HEARTBEAT target_type=call_site elapsed_min=90.1 files_done=50 resolved=4558 errors=3972 current=actix-web-codegen/tests/trybuild/route-missing-method-fail.rs
[2026-09-07T16:35:16Z] [iter=1] HEARTBEAT target_type=call_site elapsed_min=92.0 files_done=52 resolved=4874 errors=4055 current=actix-files/src/range.rs
[2026-09-07T16:37:04Z] [iter=1] HEARTBEAT target_type=call_site elapsed_min=93.8 files_done=54 resolved=4927 errors=4138 current=actix-http/src/header/map.rs
[2026-09-07T16:39:18Z] [iter=1] HEARTBEAT target_type=call_site elapsed_min=96.0 files_done=55 resolved=5131 errors=4240 current=awc/src/client/pool.rs
[2026-09-07T16:40:27Z] [iter=1] HEARTBEAT target_type=call_site elapsed_min=97.2 files_done=56 resolved=5284 errors=4293 current=actix-web/tests/test_httpserver.rs
[2026-09-07T16:43:50Z] [iter=1] HEARTBEAT target_type=call_site elapsed_min=100.6 files_done=57 resolved=5483 errors=4446 current=actix-test/src/lib.rs
[2026-09-07T16:46:05Z] [iter=1] HEARTBEAT target_type=call_site elapsed_min=102.8 files_done=58 resolved=5598 errors=4543 current=actix-http/src/body/either.rs
[2026-09-07T16:47:22Z] [iter=1] HEARTBEAT target_type=call_site elapsed_min=104.1 files_done=60 resolved=5644 errors=4602 current=actix-web/src/server.rs
[2026-09-07T16:49:14Z] [iter=1] HEARTBEAT target_type=call_site elapsed_min=106.0 files_done=62 resolved=5863 errors=4687 current=actix-http/tests/test_h2_timer.rs
[2026-09-07T16:51:02Z] [iter=1] HEARTBEAT target_type=call_site elapsed_min=107.8 files_done=64 resolved=6004 errors=4770 current=actix-web/src/resource.rs
[2026-09-07T16:56:07Z] [iter=1] HEARTBEAT target_type=call_site elapsed_min=112.8 files_done=65 resolved=6084 errors=5004 current=actix-web/src/types/json.rs
[2026-09-07T16:58:48Z] [iter=1] HEARTBEAT target_type=call_site elapsed_min=115.5 files_done=66 resolved=6174 errors=5127 current=actix-router/src/de.rs
[2026-09-07T17:03:29Z] [iter=1] HEARTBEAT target_type=call_site elapsed_min=120.2 files_done=67 resolved=6458 errors=5340 current=actix-web-codegen/src/route.rs
[2026-09-07T17:04:01Z] [iter=1] HEARTBEAT target_type=call_site elapsed_min=120.8 files_done=68 resolved=6589 errors=5362 current=actix-http/src/ws/frame.rs
[2026-09-07T17:04:36Z] [iter=1] HEARTBEAT target_type=call_site elapsed_min=121.3 files_done=69 resolved=6746 errors=5388 current=actix-web-actors/src/ws.rs
[2026-09-07T17:05:18Z] [iter=1] HEARTBEAT target_type=call_site elapsed_min=122.0 files_done=72 resolved=6865 errors=5418 current=actix-http/src/responses/builder.rs
[2026-09-07T17:07:01Z] [iter=1] HEARTBEAT target_type=call_site elapsed_min=123.8 files_done=73 resolved=6921 errors=5497 current=actix-http/src/service.rs
[2026-09-07T17:08:11Z] [iter=1] HEARTBEAT target_type=call_site elapsed_min=124.9 files_done=74 resolved=7021 errors=5526 current=actix-web/src/guard/acceptable.rs
[2026-09-07T17:08:48Z] [iter=1] HEARTBEAT target_type=call_site elapsed_min=125.5 files_done=76 resolved=7040 errors=5554 current=awc/src/client/h2proto.rs
[2026-09-07T17:12:30Z] [iter=1] HEARTBEAT target_type=call_site elapsed_min=129.2 files_done=78 resolved=7165 errors=5724 current=awc/src/client/connection.rs
[2026-09-07T17:13:03Z] [iter=1] HEARTBEAT target_type=call_site elapsed_min=129.8 files_done=79 resolved=7254 errors=5749 current=actix-http/src/message.rs
[2026-09-07T17:14:06Z] [iter=1] HEARTBEAT target_type=call_site elapsed_min=130.8 files_done=81 resolved=7334 errors=5796 current=actix-web-codegen/src/scope.rs
[2026-09-07T17:14:39Z] [iter=1] HEARTBEAT target_type=call_site elapsed_min=131.4 files_done=83 resolved=7418 errors=5821 current=actix-http/src/encoding/decoder.rs
[2026-09-07T17:27:10Z] [iter=1] HEARTBEAT target_type=call_site elapsed_min=143.9 files_done=85 resolved=7907 errors=6393 current=actix-web/tests/introspection.rs
[2026-09-07T17:27:49Z] [iter=1] HEARTBEAT target_type=call_site elapsed_min=144.5 files_done=87 resolved=7951 errors=6423 current=actix-multipart/src/form/tempfile.rs
[2026-09-07T17:39:16Z] [iter=1] HEARTBEAT target_type=call_site elapsed_min=156.0 files_done=89 resolved=8113 errors=6948 current=actix-http/src/keep_alive.rs
[2026-09-07T17:40:11Z] [iter=1] HEARTBEAT target_type=call_site elapsed_min=156.9 files_done=91 resolved=8166 errors=6990 current=actix-http/src/body/message_body.rs
[2026-09-07T17:41:17Z] [iter=1] HEARTBEAT target_type=call_site elapsed_min=158.0 files_done=92 resolved=8358 errors=7040 current=actix-multipart/src/test.rs
[2026-09-07T17:41:57Z] [iter=1] HEARTBEAT target_type=call_site elapsed_min=158.7 files_done=93 resolved=8430 errors=7070 current=awc/tests/test_connector.rs
[2026-09-07T17:42:42Z] [iter=1] HEARTBEAT target_type=call_site elapsed_min=159.4 files_done=95 resolved=8510 errors=7103 current=actix-http/src/encoding/mod.rs
[2026-09-07T17:45:19Z] [iter=1] HEARTBEAT target_type=call_site elapsed_min=162.0 files_done=97 resolved=8581 errors=7223 current=actix-http/tests/test_client.rs
[2026-09-07T17:46:30Z] [iter=1] HEARTBEAT target_type=call_site elapsed_min=163.2 files_done=98 resolved=8615 errors=7278 current=actix-web/src/config.rs
[2026-09-07T17:48:31Z] [iter=1] HEARTBEAT target_type=call_site elapsed_min=165.2 files_done=99 resolved=8651 errors=7370 current=actix-http/tests/test_rustls.rs
[2026-09-07T17:53:57Z] [iter=1] HEARTBEAT target_type=call_site elapsed_min=170.7 files_done=100 resolved=8850 errors=7620 current=actix-web/src/http/header/content_length.rs
[2026-09-07T17:54:38Z] [iter=1] HEARTBEAT target_type=call_site elapsed_min=171.4 files_done=101 resolved=8866 errors=7652 current=actix-files/src/files.rs
[2026-09-07T17:55:32Z] [iter=1] HEARTBEAT target_type=call_site elapsed_min=172.3 files_done=102 resolved=8965 errors=7693 current=actix-router/src/router.rs
[2026-09-07T17:57:56Z] [iter=1] HEARTBEAT target_type=call_site elapsed_min=174.7 files_done=103 resolved=9050 errors=7802 current=actix-multipart/src/field.rs
[2026-09-07T17:58:39Z] [iter=1] HEARTBEAT target_type=call_site elapsed_min=175.4 files_done=105 resolved=9254 errors=7834 current=actix-web/src/types/form.rs
[2026-09-07T18:00:03Z] [iter=1] HEARTBEAT target_type=call_site elapsed_min=176.8 files_done=106 resolved=9308 errors=7898 current=actix-http/src/responses/head.rs
[2026-09-07T18:00:50Z] [iter=1] HEARTBEAT target_type=call_site elapsed_min=177.6 files_done=107 resolved=9364 errors=7934 current=actix-http/examples/ws.rs
[2026-09-07T18:04:38Z] [iter=1] HEARTBEAT target_type=call_site elapsed_min=181.4 files_done=109 resolved=9556 errors=8106 current=actix-web/src/request_data.rs
[2026-09-07T18:05:16Z] [iter=1] HEARTBEAT target_type=call_site elapsed_min=182.0 files_done=110 resolved=9572 errors=8135 current=actix-http/src/body/utils.rs
[2026-09-07T18:06:15Z] [iter=1] HEARTBEAT target_type=call_site elapsed_min=183.0 files_done=113 resolved=9763 errors=8179 current=actix-web/src/middleware/normalize.rs
[2026-09-07T18:09:57Z] [iter=1] HEARTBEAT target_type=call_site elapsed_min=186.7 files_done=114 resolved=9834 errors=8347 current=actix-router/src/url.rs
[2026-09-07T18:10:30Z] [iter=1] HEARTBEAT target_type=call_site elapsed_min=187.2 files_done=115 resolved=9892 errors=8372 current=actix-web/src/middleware/condition.rs
[2026-09-07T18:11:14Z] [iter=1] HEARTBEAT target_type=call_site elapsed_min=188.0 files_done=116 resolved=9914 errors=8405 current=awc/src/responses/json_body.rs
[2026-09-07T18:14:44Z] [iter=1] HEARTBEAT target_type=call_site elapsed_min=191.5 files_done=118 resolved=10012 errors=8565 current=actix-web/examples/from_fn.rs
[2026-09-07T18:15:34Z] [iter=1] HEARTBEAT target_type=call_site elapsed_min=192.3 files_done=120 resolved=10040 errors=8603 current=actix-http/src/extensions.rs
[2026-09-07T18:16:30Z] [iter=1] HEARTBEAT target_type=call_site elapsed_min=193.2 files_done=121 resolved=10107 errors=8645 current=actix-web/src/types/html.rs
[2026-09-07T18:17:06Z] [iter=1] HEARTBEAT target_type=call_site elapsed_min=193.8 files_done=123 resolved=10173 errors=8672 current=awc/src/test.rs
[2026-09-07T18:20:31Z] [iter=1] HEARTBEAT target_type=call_site elapsed_min=197.2 files_done=125 resolved=10270 errors=8827 current=actix-http/examples/bench.rs
[2026-09-07T18:21:27Z] [iter=1] HEARTBEAT target_type=call_site elapsed_min=198.2 files_done=128 resolved=10414 errors=8869 current=actix-web/src/error/internal.rs
[2026-09-07T18:23:21Z] [iter=1] HEARTBEAT target_type=call_site elapsed_min=200.1 files_done=129 resolved=10505 errors=8956 current=actix-http/src/date.rs
[2026-09-07T18:26:59Z] [iter=1] HEARTBEAT target_type=call_site elapsed_min=203.7 files_done=134 resolved=10722 errors=9122 current=actix-web/src/info.rs
[2026-09-07T18:29:16Z] [iter=1] HEARTBEAT target_type=call_site elapsed_min=206.0 files_done=135 resolved=10807 errors=9227 current=actix-http/src/header/utils.rs
[2026-09-07T18:30:20Z] [iter=1] HEARTBEAT target_type=call_site elapsed_min=207.1 files_done=138 resolved=10963 errors=9276 current=actix-web/examples/introspection_multi_servers.rs
[2026-09-07T18:31:01Z] [iter=1] HEARTBEAT target_type=call_site elapsed_min=207.8 files_done=143 resolved=11081 errors=9306 current=actix-web/tests/test_streaming_response.rs
[2026-09-07T18:31:38Z] [iter=1] HEARTBEAT target_type=call_site elapsed_min=208.4 files_done=145 resolved=11097 errors=9334 current=actix-http/src/h1/timer.rs
[2026-09-07T18:32:18Z] [iter=1] HEARTBEAT target_type=call_site elapsed_min=209.0 files_done=147 resolved=11136 errors=9364 current=actix-web/src/thin_data.rs
[2026-09-07T18:32:51Z] [iter=1] HEARTBEAT target_type=call_site elapsed_min=209.6 files_done=149 resolved=11181 errors=9389 current=actix-web/src/guard/host.rs
[2026-09-07T18:34:00Z] [iter=1] HEARTBEAT target_type=call_site elapsed_min=210.7 files_done=150 resolved=11217 errors=9441 current=actix-web/src/response/customize_responder.rs
[2026-09-07T18:34:37Z] [iter=1] HEARTBEAT target_type=call_site elapsed_min=211.3 files_done=151 resolved=11243 errors=9469 current=awc/tests/test_ws.rs
[2026-09-07T18:36:27Z] [iter=1] HEARTBEAT target_type=call_site elapsed_min=213.2 files_done=153 resolved=11266 errors=9553 current=actix-http/src/header/shared/charset.rs
[2026-09-07T18:38:50Z] [iter=1] HEARTBEAT target_type=call_site elapsed_min=215.6 files_done=156 resolved=11333 errors=9661 current=actix-web/examples/uds.rs
[2026-09-07T18:39:35Z] [iter=1] HEARTBEAT target_type=call_site elapsed_min=216.3 files_done=159 resolved=11415 errors=9695 current=actix-web-codegen/tests/trybuild/route-duplicate-method-fail.rs
[2026-09-07T18:40:12Z] [iter=1] HEARTBEAT target_type=call_site elapsed_min=216.9 files_done=163 resolved=11475 errors=9723 current=actix-web/src/types/readlines.rs
[2026-09-07T18:41:20Z] [iter=1] HEARTBEAT target_type=call_site elapsed_min=218.1 files_done=167 resolved=11602 errors=9774 current=actix-http/src/header/shared/extended.rs
[2026-09-07T18:42:04Z] [iter=1] HEARTBEAT target_type=call_site elapsed_min=218.8 files_done=170 resolved=11745 errors=9807 current=actix-multipart/src/payload.rs
[2026-09-07T18:42:58Z] [iter=1] HEARTBEAT target_type=call_site elapsed_min=219.7 files_done=171 resolved=11879 errors=9848 current=actix-http/src/ws/codec.rs
[2026-09-07T18:44:06Z] [iter=1] HEARTBEAT target_type=call_site elapsed_min=220.8 files_done=172 resolved=11930 errors=9900 current=actix-web-actors/tests/test_ws.rs
[2026-09-07T18:45:01Z] [iter=1] HEARTBEAT target_type=call_site elapsed_min=221.7 files_done=174 resolved=11952 errors=9939 current=actix-web/src/app.rs
[2026-09-07T18:48:10Z] [iter=1] HEARTBEAT target_type=call_site elapsed_min=224.9 files_done=175 resolved=12014 errors=10082 current=actix-web/src/response/builder.rs
[2026-09-07T18:49:43Z] [iter=1] HEARTBEAT target_type=call_site elapsed_min=226.5 files_done=176 resolved=12074 errors=10153 current=actix-web/src/extract.rs
[2026-09-07T18:51:03Z] [iter=1] HEARTBEAT target_type=call_site elapsed_min=227.8 files_done=177 resolved=12107 errors=10213 current=actix-router/src/quoter.rs
[2026-09-07T18:51:44Z] [iter=1] HEARTBEAT target_type=call_site elapsed_min=228.5 files_done=179 resolved=12171 errors=10242 current=actix-web/src/types/either.rs
[2026-09-07T18:52:20Z] [iter=1] HEARTBEAT target_type=call_site elapsed_min=229.1 files_done=180 resolved=12197 errors=10269 current=actix-files/src/service.rs
[2026-09-07T18:53:30Z] [iter=1] HEARTBEAT target_type=call_site elapsed_min=230.2 files_done=181 resolved=12258 errors=10322 current=actix-web/src/handler.rs
[2026-09-07T18:54:04Z] [iter=1] HEARTBEAT target_type=call_site elapsed_min=230.8 files_done=182 resolved=12262 errors=10348 current=actix-web-codegen/tests/trybuild/simple-fail.rs
[2026-09-07T18:54:36Z] [iter=1] HEARTBEAT target_type=call_site elapsed_min=231.3 files_done=187 resolved=12426 errors=10371 current=actix-multipart/src/form/text.rs
[2026-09-07T18:55:56Z] [iter=1] HEARTBEAT target_type=call_site elapsed_min=232.7 files_done=190 resolved=12477 errors=10431 current=actix-files/src/chunked.rs
[2026-09-07T18:56:30Z] [iter=1] HEARTBEAT target_type=call_site elapsed_min=233.2 files_done=193 resolved=12530 errors=10457 current=actix-http/src/header/shared/quality.rs
[2026-09-07T18:58:08Z] [iter=1] HEARTBEAT target_type=call_site elapsed_min=234.9 files_done=200 resolved=12609 errors=10529 current=actix-web/src/http/header/if_none_match.rs
[2026-09-07T18:59:24Z] [iter=1] HEARTBEAT target_type=call_site elapsed_min=236.1 files_done=203 resolved=12665 errors=10586 current=actix-router/src/pattern.rs
[2026-09-07T18:59:56Z] [iter=1] HEARTBEAT target_type=call_site elapsed_min=236.7 files_done=205 resolved=12746 errors=10610 current=actix-web-codegen/tests/trybuild/routes-missing-method-fail.rs
[2026-09-07T19:01:05Z] [iter=1] HEARTBEAT target_type=call_site elapsed_min=237.8 files_done=208 resolved=12764 errors=10663 current=actix-multipart/examples/form.rs
[2026-09-07T19:01:44Z] [iter=1] HEARTBEAT target_type=call_site elapsed_min=238.5 files_done=212 resolved=12795 errors=10692 current=actix-router/benches/quoter.rs
[2026-09-07T19:02:20Z] [iter=1] HEARTBEAT target_type=call_site elapsed_min=239.1 files_done=214 resolved=12855 errors=10720 current=actix-web/src/types/header.rs
[2026-09-07T19:02:51Z] [iter=1] HEARTBEAT target_type=call_site elapsed_min=239.6 files_done=220 resolved=12912 errors=10743 current=actix-web-codegen/tests/trybuild.rs
[2026-09-07T19:03:22Z] [iter=1] CHECKPOINT TRIGGERED elapsed_min=240.1 files_completed=222 new_files_this_iter=222 mem_mb=891 MB
[2026-09-07T19:03:22Z] [iter=1] Writing partial enrichment graph path=/home/runner/work/forx/forx/storage/aggregate/lsp/5723cf486522d47aad26390cf5b02e95654ae225.nq.gz triples=142610
[2026-09-07T19:03:25Z] [iter=1] Checkpoint written, exiting with code 7
[2026-09-07T19:03:25Z] [iter=1] PHASE END: enrich (checkpointed) elapsed_s=14406 elapsed_min=240.1 files_completed=222
